<html>
<body>
<pre>
<h1>µVision Build Log</h1>
<h2>Tool Versions:</h2>
IDE-Version: £gVision V5.34.0.0
Copyright (C) 2021 ARM Ltd and ARM Germany GmbH. All rights reserved.
License Information: anda chen, WorkOnHome, LIC=----
 
Tool Versions:
Toolchain:       MDK-Lite  Version: 5.34.0.0
Toolchain Path:  C:\Keil_v5\ARM\ARMCC\Bin
C Compiler:      Armcc.exe V5.06 update 7 (build 960)
Assembler:       Armasm.exe V5.06 update 7 (build 960)
Linker/Locator:  ArmLink.exe V5.06 update 7 (build 960)
Library Manager: ArmAr.exe V5.06 update 7 (build 960)
Hex Converter:   FromElf.exe V5.06 update 7 (build 960)
CPU DLL:         SARMCM3.DLL V5.34.0.0
Dialog DLL:      DARMCM1.DLL V1.19.4.0
Target DLL:      NULink\Nu_Link.dll V3.05
Dialog DLL:      TARMCM1.DLL V1.14.3.0
 
<h2>Project:</h2>
D:\_GitHub\MCU\Nuvoton\nuvoton-M451-Sample\FreeRTOS\KEIL\RTOSDemo.uvprojx
Project File Date:  05/03/2021

<h2>Output:</h2>
*** Using Compiler 'V5.06 update 7 (build 960)', folder: 'C:\Keil_v5\ARM\ARMCC\Bin'
Rebuild target 'FreeRTOS'
assembling startup_M451Series.s...
compiling system_M451Series.c...
compiling ParTest.c...
compiling main.c...
compiling flash.c...
compiling PollQ.c...
compiling QueueSet.c...
compiling list.c...
compiling timers.c...
compiling tasks.c...
compiling heap_2.c...
compiling port.c...
compiling queue.c...
compiling sys.c...
compiling retarget.c...
compiling uart.c...
compiling gpio.c...
compiling clk.c...
linking...
Program Size: Code=11824 RO-data=400 RW-data=220 ZI-data=9596  
FromELF: creating hex file...
After Build - User command #1: fromelf --bin ".\obj\RTOSDemo.axf" --output ".\obj\RTOSDemo.bin"
After Build - User command #2: fromelf --text -c ".\obj\RTOSDemo.axf" --output ".\obj\RTOSDemo.txt"
".\obj\RTOSDemo.axf" - 0 Error(s), 0 Warning(s).

<h2>Software Packages used:</h2>

Package Vendor: ARM
                http://www.keil.com/pack/ARM.CMSIS.5.7.0.pack
                ARM.CMSIS.5.7.0
                CMSIS (Cortex Microcontroller Software Interface Standard)
   * Component: CORE Version: 5.4.0

Package Vendor: Nuvoton
                https://www.nuvoton.com/enu/Documents/KEILSoftwarePack/Nuvoton.NuMicro_DFP.1.3.11.pack
                Nuvoton.NuMicro_DFP.1.3.11
                Nuvoton ARM Cortex-M NuMicro Family Device Support

<h2>Collection of Component include folders:</h2>
  .\RTE\_FreeRTOS
  C:\Users\andyc\AppData\Local\Arm\Packs\ARM\CMSIS\5.7.0\CMSIS\Core\Include
  C:\Users\andyc\AppData\Local\Arm\Packs\Nuvoton\NuMicro_DFP\1.3.11\Device\M451\Include

<h2>Collection of Component Files used:</h2>

   * Component: ARM::CMSIS:CORE:5.4.0
Build Time Elapsed:  00:00:08
</pre>
</body>
</html>
