Component: ARM Compiler 5.06 update 7 (build 960) Tool: armlink [4d3601]

==============================================================================

Section Cross References

    system_m451series.o(.text) refers to system_m451series.o(.data) for .data
    startup_m451series.o(RESET) refers to startup_m451series.o(STACK) for __initial_sp
    startup_m451series.o(RESET) refers to startup_m451series.o(.text) for Reset_Handler
    startup_m451series.o(RESET) refers to retarget.o(.emb_text) for HardFault_Handler
    startup_m451series.o(RESET) refers to port.o(.emb_text) for SVC_Handler
    startup_m451series.o(RESET) refers to port.o(.text) for SysTick_Handler
    startup_m451series.o(.text) refers to system_m451series.o(.text) for SystemInit
    startup_m451series.o(.text) refers to entry.o(.ARM.Collect$$$$00000000) for __main
    main.o(.text) refers to tasks.o(.text) for xTaskGetTickCount
    main.o(.text) refers to printf5.o(i.__0printf$5) for __2printf
    main.o(.text) refers to pollq.o(.text) for xArePollingQueuesStillRunning
    main.o(.text) refers to flash.o(.text) for vStartLEDFlashTasks
    main.o(.text) refers to port.o(.emb_text) for ulPortSetInterruptMask
    main.o(.text) refers to queueset.o(.text) for vQueueSetAccessQueueSetFromISR
    main.o(.text) refers to clk.o(.text) for CLK_EnableXtalRC
    main.o(.text) refers to system_m451series.o(.text) for SystemCoreClockUpdate
    main.o(.text) refers to uart.o(.text) for UART_Open
    main.o(.text) refers to gpio.o(.text) for GPIO_SetMode
    partest.o(.text) refers to port.o(.text) for vPortEnterCritical
    partest.o(.text) refers to printf5.o(i.__0printf$5) for __2printf
    partest.o(.text) refers to partest.o(.data) for .data
    queueset.o(.text) refers to port.o(.emb_text) for ulPortSetInterruptMask
    queueset.o(.text) refers to queue.o(.text) for xQueueCreateSet
    queueset.o(.text) refers to tasks.o(.text) for vTaskResume
    queueset.o(.text) refers to port.o(.text) for vPortEnterCritical
    queueset.o(.text) refers to rand.o(.text) for srand
    queueset.o(.text) refers to queueset.o(.data) for .data
    queueset.o(.text) refers to queueset.o(.bss) for .bss
    flash.o(.text) refers to port.o(.text) for vPortEnterCritical
    flash.o(.text) refers to tasks.o(.text) for xTaskGetTickCount
    flash.o(.text) refers to partest.o(.text) for vParTestToggleLED
    flash.o(.text) refers to flash.o(.data) for .data
    pollq.o(.text) refers to queue.o(.text) for xQueueGenericSend
    pollq.o(.text) refers to port.o(.text) for vPortEnterCritical
    pollq.o(.text) refers to tasks.o(.text) for vTaskDelay
    pollq.o(.text) refers to pollq.o(.data) for .data
    tasks.o(.text) refers to port.o(.emb_text) for ulPortSetInterruptMask
    tasks.o(.text) refers to heap_2.o(.text) for pvPortMalloc
    tasks.o(.text) refers to memseta.o(.text) for __aeabi_memset
    tasks.o(.text) refers to strncpy.o(.text) for strncpy
    tasks.o(.text) refers to list.o(.text) for vListInitialiseItem
    tasks.o(.text) refers to port.o(.text) for pxPortInitialiseStack
    tasks.o(.text) refers to main.o(.text) for vApplicationTickHook
    tasks.o(.text) refers to tasks.o(.data) for .data
    tasks.o(.text) refers to tasks.o(.bss) for .bss
    tasks.o(.text) refers to timers.o(.text) for xTimerCreateTimerTask
    tasks.o(.text) refers to printf5.o(i.__0sprintf$5) for __2sprintf
    tasks.o(.text) refers to strcat.o(.text) for strcat
    timers.o(.text) refers to list.o(.text) for vListInsert
    timers.o(.text) refers to queue.o(.text) for xQueueGenericSendFromISR
    timers.o(.text) refers to tasks.o(.text) for xTaskGetSchedulerState
    timers.o(.text) refers to port.o(.text) for vPortEnterCritical
    timers.o(.text) refers to port.o(.emb_text) for ulPortSetInterruptMask
    timers.o(.text) refers to heap_2.o(.text) for pvPortMalloc
    timers.o(.text) refers to timers.o(.data) for .data
    timers.o(.text) refers to timers.o(.bss) for .bss
    queue.o(.text) refers to port.o(.text) for vPortEnterCritical
    queue.o(.text) refers to list.o(.text) for vListInitialise
    queue.o(.text) refers to port.o(.emb_text) for ulPortSetInterruptMask
    queue.o(.text) refers to tasks.o(.text) for xTaskRemoveFromEventList
    queue.o(.text) refers to heap_2.o(.text) for pvPortMalloc
    queue.o(.text) refers to memcpya.o(.text) for __aeabi_memcpy
    queue.o(.text) refers to queue.o(.bss) for .bss
    port.o(.emb_text) refers to tasks.o(.text) for vTaskSwitchContext
    port.o(.emb_text) refers to tasks.o(.data) for pxCurrentTCB
    port.o(.text) refers to port.o(.emb_text) for __asm___6_port_c_39a90d8d__prvEnableVFP
    port.o(.text) refers to tasks.o(.text) for vTaskIncrementTick
    port.o(.text) refers to system_m451series.o(.data) for SystemCoreClock
    port.o(.text) refers to port.o(.data) for .data
    heap_2.o(.text) refers to tasks.o(.text) for vTaskSuspendAll
    heap_2.o(.text) refers to main.o(.text) for vApplicationMallocFailedHook
    heap_2.o(.text) refers to heap_2.o(.data) for .data
    heap_2.o(.text) refers to heap_2.o(.bss) for .bss
    retarget.o(.emb_text) refers to retarget.o(.text) for Hard_Fault_Handler
    retarget.o(.text) refers to printf5.o(i.__0printf$5) for __2printf
    uart.o(.text) refers to uart.o(.constdata) for .constdata
    clk.o(.text) refers to system_m451series.o(.text) for SystemCoreClockUpdate
    clk.o(.text) refers to system_m451series.o(.data) for SystemCoreClock
    entry.o(.ARM.Collect$$$$00000000) refers (Special) to entry10a.o(.ARM.Collect$$$$0000000F) for __rt_final_cpp
    entry.o(.ARM.Collect$$$$00000000) refers (Special) to entry11a.o(.ARM.Collect$$$$00000011) for __rt_final_exit
    entry.o(.ARM.Collect$$$$00000000) refers (Special) to entry12b.o(.ARM.Collect$$$$0000000E) for __rt_lib_shutdown_fini
    entry.o(.ARM.Collect$$$$00000000) refers (Special) to entry7b.o(.ARM.Collect$$$$00000008) for _main_clock
    entry.o(.ARM.Collect$$$$00000000) refers (Special) to entry8b.o(.ARM.Collect$$$$0000000A) for _main_cpp_init
    entry.o(.ARM.Collect$$$$00000000) refers (Special) to entry9a.o(.ARM.Collect$$$$0000000B) for _main_init
    entry.o(.ARM.Collect$$$$00000000) refers (Special) to entry5.o(.ARM.Collect$$$$00000004) for _main_scatterload
    entry.o(.ARM.Collect$$$$00000000) refers (Special) to entry2.o(.ARM.Collect$$$$00000001) for _main_stk
    rand.o(.text) refers to rand.o(.data) for .data
    printfb.o(i.__0fprintf$bare) refers to printfb.o(i._printf_core) for _printf_core
    printfb.o(i.__0fprintf$bare) refers to retarget.o(.text) for fputc
    printfb.o(i.__0printf$bare) refers to printfb.o(i._printf_core) for _printf_core
    printfb.o(i.__0printf$bare) refers to retarget.o(.text) for fputc
    printfb.o(i.__0printf$bare) refers to retarget.o(.data) for __stdout
    printfb.o(i.__0snprintf$bare) refers to printfb.o(i._printf_core) for _printf_core
    printfb.o(i.__0snprintf$bare) refers to printfb.o(i._snputc) for _snputc
    printfb.o(i.__0sprintf$bare) refers to printfb.o(i._printf_core) for _printf_core
    printfb.o(i.__0sprintf$bare) refers to printfb.o(i._sputc) for _sputc
    printfb.o(i.__0vfprintf$bare) refers to printfb.o(i._printf_core) for _printf_core
    printfb.o(i.__0vfprintf$bare) refers to retarget.o(.text) for fputc
    printfb.o(i.__0vprintf$bare) refers to printfb.o(i._printf_core) for _printf_core
    printfb.o(i.__0vprintf$bare) refers to retarget.o(.text) for fputc
    printfb.o(i.__0vprintf$bare) refers to retarget.o(.data) for __stdout
    printfb.o(i.__0vsnprintf$bare) refers to printfb.o(i._printf_core) for _printf_core
    printfb.o(i.__0vsnprintf$bare) refers to printfb.o(i._snputc) for _snputc
    printfb.o(i.__0vsprintf$bare) refers to printfb.o(i._printf_core) for _printf_core
    printfb.o(i.__0vsprintf$bare) refers to printfb.o(i._sputc) for _sputc
    printf0.o(i.__0fprintf$0) refers to printf0.o(i._printf_core) for _printf_core
    printf0.o(i.__0fprintf$0) refers to retarget.o(.text) for fputc
    printf0.o(i.__0printf$0) refers to printf0.o(i._printf_core) for _printf_core
    printf0.o(i.__0printf$0) refers to retarget.o(.text) for fputc
    printf0.o(i.__0printf$0) refers to retarget.o(.data) for __stdout
    printf0.o(i.__0snprintf$0) refers to printf0.o(i._printf_core) for _printf_core
    printf0.o(i.__0snprintf$0) refers to printf0.o(i._snputc) for _snputc
    printf0.o(i.__0sprintf$0) refers to printf0.o(i._printf_core) for _printf_core
    printf0.o(i.__0sprintf$0) refers to printf0.o(i._sputc) for _sputc
    printf0.o(i.__0vfprintf$0) refers to printf0.o(i._printf_core) for _printf_core
    printf0.o(i.__0vfprintf$0) refers to retarget.o(.text) for fputc
    printf0.o(i.__0vprintf$0) refers to printf0.o(i._printf_core) for _printf_core
    printf0.o(i.__0vprintf$0) refers to retarget.o(.text) for fputc
    printf0.o(i.__0vprintf$0) refers to retarget.o(.data) for __stdout
    printf0.o(i.__0vsnprintf$0) refers to printf0.o(i._printf_core) for _printf_core
    printf0.o(i.__0vsnprintf$0) refers to printf0.o(i._snputc) for _snputc
    printf0.o(i.__0vsprintf$0) refers to printf0.o(i._printf_core) for _printf_core
    printf0.o(i.__0vsprintf$0) refers to printf0.o(i._sputc) for _sputc
    printf1.o(i.__0fprintf$1) refers to printf1.o(i._printf_core) for _printf_core
    printf1.o(i.__0fprintf$1) refers to retarget.o(.text) for fputc
    printf1.o(i.__0printf$1) refers to printf1.o(i._printf_core) for _printf_core
    printf1.o(i.__0printf$1) refers to retarget.o(.text) for fputc
    printf1.o(i.__0printf$1) refers to retarget.o(.data) for __stdout
    printf1.o(i.__0snprintf$1) refers to printf1.o(i._printf_core) for _printf_core
    printf1.o(i.__0snprintf$1) refers to printf1.o(i._snputc) for _snputc
    printf1.o(i.__0sprintf$1) refers to printf1.o(i._printf_core) for _printf_core
    printf1.o(i.__0sprintf$1) refers to printf1.o(i._sputc) for _sputc
    printf1.o(i.__0vfprintf$1) refers to printf1.o(i._printf_core) for _printf_core
    printf1.o(i.__0vfprintf$1) refers to retarget.o(.text) for fputc
    printf1.o(i.__0vprintf$1) refers to printf1.o(i._printf_core) for _printf_core
    printf1.o(i.__0vprintf$1) refers to retarget.o(.text) for fputc
    printf1.o(i.__0vprintf$1) refers to retarget.o(.data) for __stdout
    printf1.o(i.__0vsnprintf$1) refers to printf1.o(i._printf_core) for _printf_core
    printf1.o(i.__0vsnprintf$1) refers to printf1.o(i._snputc) for _snputc
    printf1.o(i.__0vsprintf$1) refers to printf1.o(i._printf_core) for _printf_core
    printf1.o(i.__0vsprintf$1) refers to printf1.o(i._sputc) for _sputc
    printf1.o(i._printf_core) refers to uidiv.o(.text) for __aeabi_uidivmod
    printf2.o(i.__0fprintf$2) refers to printf2.o(i._printf_core) for _printf_core
    printf2.o(i.__0fprintf$2) refers to retarget.o(.text) for fputc
    printf2.o(i.__0printf$2) refers to printf2.o(i._printf_core) for _printf_core
    printf2.o(i.__0printf$2) refers to retarget.o(.text) for fputc
    printf2.o(i.__0printf$2) refers to retarget.o(.data) for __stdout
    printf2.o(i.__0snprintf$2) refers to printf2.o(i._printf_core) for _printf_core
    printf2.o(i.__0snprintf$2) refers to printf2.o(i._snputc) for _snputc
    printf2.o(i.__0sprintf$2) refers to printf2.o(i._printf_core) for _printf_core
    printf2.o(i.__0sprintf$2) refers to printf2.o(i._sputc) for _sputc
    printf2.o(i.__0vfprintf$2) refers to printf2.o(i._printf_core) for _printf_core
    printf2.o(i.__0vfprintf$2) refers to retarget.o(.text) for fputc
    printf2.o(i.__0vprintf$2) refers to printf2.o(i._printf_core) for _printf_core
    printf2.o(i.__0vprintf$2) refers to retarget.o(.text) for fputc
    printf2.o(i.__0vprintf$2) refers to retarget.o(.data) for __stdout
    printf2.o(i.__0vsnprintf$2) refers to printf2.o(i._printf_core) for _printf_core
    printf2.o(i.__0vsnprintf$2) refers to printf2.o(i._snputc) for _snputc
    printf2.o(i.__0vsprintf$2) refers to printf2.o(i._printf_core) for _printf_core
    printf2.o(i.__0vsprintf$2) refers to printf2.o(i._sputc) for _sputc
    printf3.o(i.__0fprintf$3) refers to printf3.o(i._printf_core) for _printf_core
    printf3.o(i.__0fprintf$3) refers to retarget.o(.text) for fputc
    printf3.o(i.__0printf$3) refers to printf3.o(i._printf_core) for _printf_core
    printf3.o(i.__0printf$3) refers to retarget.o(.text) for fputc
    printf3.o(i.__0printf$3) refers to retarget.o(.data) for __stdout
    printf3.o(i.__0snprintf$3) refers to printf3.o(i._printf_core) for _printf_core
    printf3.o(i.__0snprintf$3) refers to printf3.o(i._snputc) for _snputc
    printf3.o(i.__0sprintf$3) refers to printf3.o(i._printf_core) for _printf_core
    printf3.o(i.__0sprintf$3) refers to printf3.o(i._sputc) for _sputc
    printf3.o(i.__0vfprintf$3) refers to printf3.o(i._printf_core) for _printf_core
    printf3.o(i.__0vfprintf$3) refers to retarget.o(.text) for fputc
    printf3.o(i.__0vprintf$3) refers to printf3.o(i._printf_core) for _printf_core
    printf3.o(i.__0vprintf$3) refers to retarget.o(.text) for fputc
    printf3.o(i.__0vprintf$3) refers to retarget.o(.data) for __stdout
    printf3.o(i.__0vsnprintf$3) refers to printf3.o(i._printf_core) for _printf_core
    printf3.o(i.__0vsnprintf$3) refers to printf3.o(i._snputc) for _snputc
    printf3.o(i.__0vsprintf$3) refers to printf3.o(i._printf_core) for _printf_core
    printf3.o(i.__0vsprintf$3) refers to printf3.o(i._sputc) for _sputc
    printf3.o(i._printf_core) refers to uidiv.o(.text) for __aeabi_uidivmod
    printf4.o(i.__0fprintf$4) refers to printf4.o(i._printf_core) for _printf_core
    printf4.o(i.__0fprintf$4) refers to retarget.o(.text) for fputc
    printf4.o(i.__0printf$4) refers to printf4.o(i._printf_core) for _printf_core
    printf4.o(i.__0printf$4) refers to retarget.o(.text) for fputc
    printf4.o(i.__0printf$4) refers to retarget.o(.data) for __stdout
    printf4.o(i.__0snprintf$4) refers to printf4.o(i._printf_core) for _printf_core
    printf4.o(i.__0snprintf$4) refers to printf4.o(i._snputc) for _snputc
    printf4.o(i.__0sprintf$4) refers to printf4.o(i._printf_core) for _printf_core
    printf4.o(i.__0sprintf$4) refers to printf4.o(i._sputc) for _sputc
    printf4.o(i.__0vfprintf$4) refers to printf4.o(i._printf_core) for _printf_core
    printf4.o(i.__0vfprintf$4) refers to retarget.o(.text) for fputc
    printf4.o(i.__0vprintf$4) refers to printf4.o(i._printf_core) for _printf_core
    printf4.o(i.__0vprintf$4) refers to retarget.o(.text) for fputc
    printf4.o(i.__0vprintf$4) refers to retarget.o(.data) for __stdout
    printf4.o(i.__0vsnprintf$4) refers to printf4.o(i._printf_core) for _printf_core
    printf4.o(i.__0vsnprintf$4) refers to printf4.o(i._snputc) for _snputc
    printf4.o(i.__0vsprintf$4) refers to printf4.o(i._printf_core) for _printf_core
    printf4.o(i.__0vsprintf$4) refers to printf4.o(i._sputc) for _sputc
    printf4.o(i._printf_core) refers to uldiv.o(.text) for __aeabi_uldivmod
    printf5.o(i.__0fprintf$5) refers to printf5.o(i._printf_core) for _printf_core
    printf5.o(i.__0fprintf$5) refers to retarget.o(.text) for fputc
    printf5.o(i.__0printf$5) refers to printf5.o(i._printf_core) for _printf_core
    printf5.o(i.__0printf$5) refers to retarget.o(.text) for fputc
    printf5.o(i.__0printf$5) refers to retarget.o(.data) for __stdout
    printf5.o(i.__0snprintf$5) refers to printf5.o(i._printf_core) for _printf_core
    printf5.o(i.__0snprintf$5) refers to printf5.o(i._snputc) for _snputc
    printf5.o(i.__0sprintf$5) refers to printf5.o(i._printf_core) for _printf_core
    printf5.o(i.__0sprintf$5) refers to printf5.o(i._sputc) for _sputc
    printf5.o(i.__0vfprintf$5) refers to printf5.o(i._printf_core) for _printf_core
    printf5.o(i.__0vfprintf$5) refers to retarget.o(.text) for fputc
    printf5.o(i.__0vprintf$5) refers to printf5.o(i._printf_core) for _printf_core
    printf5.o(i.__0vprintf$5) refers to retarget.o(.text) for fputc
    printf5.o(i.__0vprintf$5) refers to retarget.o(.data) for __stdout
    printf5.o(i.__0vsnprintf$5) refers to printf5.o(i._printf_core) for _printf_core
    printf5.o(i.__0vsnprintf$5) refers to printf5.o(i._snputc) for _snputc
    printf5.o(i.__0vsprintf$5) refers to printf5.o(i._printf_core) for _printf_core
    printf5.o(i.__0vsprintf$5) refers to printf5.o(i._sputc) for _sputc
    printf5.o(i._printf_core) refers to uldiv.o(.text) for __aeabi_uldivmod
    printf6.o(i.__0fprintf$6) refers to printf6.o(i._printf_core) for _printf_core
    printf6.o(i.__0fprintf$6) refers to retarget.o(.text) for fputc
    printf6.o(i.__0printf$6) refers to printf6.o(i._printf_core) for _printf_core
    printf6.o(i.__0printf$6) refers to retarget.o(.text) for fputc
    printf6.o(i.__0printf$6) refers to retarget.o(.data) for __stdout
    printf6.o(i.__0snprintf$6) refers to printf6.o(i._printf_core) for _printf_core
    printf6.o(i.__0snprintf$6) refers to printf6.o(i._snputc) for _snputc
    printf6.o(i.__0sprintf$6) refers to printf6.o(i._printf_core) for _printf_core
    printf6.o(i.__0sprintf$6) refers to printf6.o(i._sputc) for _sputc
    printf6.o(i.__0vfprintf$6) refers to printf6.o(i._printf_core) for _printf_core
    printf6.o(i.__0vfprintf$6) refers to retarget.o(.text) for fputc
    printf6.o(i.__0vprintf$6) refers to printf6.o(i._printf_core) for _printf_core
    printf6.o(i.__0vprintf$6) refers to retarget.o(.text) for fputc
    printf6.o(i.__0vprintf$6) refers to retarget.o(.data) for __stdout
    printf6.o(i.__0vsnprintf$6) refers to printf6.o(i._printf_core) for _printf_core
    printf6.o(i.__0vsnprintf$6) refers to printf6.o(i._snputc) for _snputc
    printf6.o(i.__0vsprintf$6) refers to printf6.o(i._printf_core) for _printf_core
    printf6.o(i.__0vsprintf$6) refers to printf6.o(i._sputc) for _sputc
    printf6.o(i._printf_core) refers to printf6.o(i._printf_pre_padding) for _printf_pre_padding
    printf6.o(i._printf_core) refers to uidiv.o(.text) for __aeabi_uidivmod
    printf6.o(i._printf_core) refers to printf6.o(i._printf_post_padding) for _printf_post_padding
    printf7.o(i.__0fprintf$7) refers to printf7.o(i._printf_core) for _printf_core
    printf7.o(i.__0fprintf$7) refers to retarget.o(.text) for fputc
    printf7.o(i.__0printf$7) refers to printf7.o(i._printf_core) for _printf_core
    printf7.o(i.__0printf$7) refers to retarget.o(.text) for fputc
    printf7.o(i.__0printf$7) refers to retarget.o(.data) for __stdout
    printf7.o(i.__0snprintf$7) refers to printf7.o(i._printf_core) for _printf_core
    printf7.o(i.__0snprintf$7) refers to printf7.o(i._snputc) for _snputc
    printf7.o(i.__0sprintf$7) refers to printf7.o(i._printf_core) for _printf_core
    printf7.o(i.__0sprintf$7) refers to printf7.o(i._sputc) for _sputc
    printf7.o(i.__0vfprintf$7) refers to printf7.o(i._printf_core) for _printf_core
    printf7.o(i.__0vfprintf$7) refers to retarget.o(.text) for fputc
    printf7.o(i.__0vprintf$7) refers to printf7.o(i._printf_core) for _printf_core
    printf7.o(i.__0vprintf$7) refers to retarget.o(.text) for fputc
    printf7.o(i.__0vprintf$7) refers to retarget.o(.data) for __stdout
    printf7.o(i.__0vsnprintf$7) refers to printf7.o(i._printf_core) for _printf_core
    printf7.o(i.__0vsnprintf$7) refers to printf7.o(i._snputc) for _snputc
    printf7.o(i.__0vsprintf$7) refers to printf7.o(i._printf_core) for _printf_core
    printf7.o(i.__0vsprintf$7) refers to printf7.o(i._sputc) for _sputc
    printf7.o(i._printf_core) refers to printf7.o(i._printf_pre_padding) for _printf_pre_padding
    printf7.o(i._printf_core) refers to uldiv.o(.text) for __aeabi_uldivmod
    printf7.o(i._printf_core) refers to printf7.o(i._printf_post_padding) for _printf_post_padding
    printf8.o(i.__0fprintf$8) refers to printf8.o(i._printf_core) for _printf_core
    printf8.o(i.__0fprintf$8) refers to retarget.o(.text) for fputc
    printf8.o(i.__0printf$8) refers to printf8.o(i._printf_core) for _printf_core
    printf8.o(i.__0printf$8) refers to retarget.o(.text) for fputc
    printf8.o(i.__0printf$8) refers to retarget.o(.data) for __stdout
    printf8.o(i.__0snprintf$8) refers to printf8.o(i._printf_core) for _printf_core
    printf8.o(i.__0snprintf$8) refers to printf8.o(i._snputc) for _snputc
    printf8.o(i.__0sprintf$8) refers to printf8.o(i._printf_core) for _printf_core
    printf8.o(i.__0sprintf$8) refers to printf8.o(i._sputc) for _sputc
    printf8.o(i.__0vfprintf$8) refers to printf8.o(i._printf_core) for _printf_core
    printf8.o(i.__0vfprintf$8) refers to retarget.o(.text) for fputc
    printf8.o(i.__0vprintf$8) refers to printf8.o(i._printf_core) for _printf_core
    printf8.o(i.__0vprintf$8) refers to retarget.o(.text) for fputc
    printf8.o(i.__0vprintf$8) refers to retarget.o(.data) for __stdout
    printf8.o(i.__0vsnprintf$8) refers to printf8.o(i._printf_core) for _printf_core
    printf8.o(i.__0vsnprintf$8) refers to printf8.o(i._snputc) for _snputc
    printf8.o(i.__0vsprintf$8) refers to printf8.o(i._printf_core) for _printf_core
    printf8.o(i.__0vsprintf$8) refers to printf8.o(i._sputc) for _sputc
    printf8.o(i._printf_core) refers to printf8.o(i._printf_pre_padding) for _printf_pre_padding
    printf8.o(i._printf_core) refers to uldiv.o(.text) for __aeabi_uldivmod
    printf8.o(i._printf_core) refers to printf8.o(i._printf_post_padding) for _printf_post_padding
    printfa.o(i.__0fprintf) refers (Special) to iusefp.o(.text) for __I$use$fp
    printfa.o(i.__0fprintf) refers to printfa.o(i._printf_core) for _printf_core
    printfa.o(i.__0fprintf) refers to retarget.o(.text) for fputc
    printfa.o(i.__0printf) refers (Special) to iusefp.o(.text) for __I$use$fp
    printfa.o(i.__0printf) refers to printfa.o(i._printf_core) for _printf_core
    printfa.o(i.__0printf) refers to retarget.o(.text) for fputc
    printfa.o(i.__0printf) refers to retarget.o(.data) for __stdout
    printfa.o(i.__0snprintf) refers (Special) to iusefp.o(.text) for __I$use$fp
    printfa.o(i.__0snprintf) refers to printfa.o(i._printf_core) for _printf_core
    printfa.o(i.__0snprintf) refers to printfa.o(i._snputc) for _snputc
    printfa.o(i.__0sprintf) refers (Special) to iusefp.o(.text) for __I$use$fp
    printfa.o(i.__0sprintf) refers to printfa.o(i._printf_core) for _printf_core
    printfa.o(i.__0sprintf) refers to printfa.o(i._sputc) for _sputc
    printfa.o(i.__0vfprintf) refers (Special) to iusefp.o(.text) for __I$use$fp
    printfa.o(i.__0vfprintf) refers to printfa.o(i._printf_core) for _printf_core
    printfa.o(i.__0vfprintf) refers to retarget.o(.text) for fputc
    printfa.o(i.__0vprintf) refers (Special) to iusefp.o(.text) for __I$use$fp
    printfa.o(i.__0vprintf) refers to printfa.o(i._printf_core) for _printf_core
    printfa.o(i.__0vprintf) refers to retarget.o(.text) for fputc
    printfa.o(i.__0vprintf) refers to retarget.o(.data) for __stdout
    printfa.o(i.__0vsnprintf) refers (Special) to iusefp.o(.text) for __I$use$fp
    printfa.o(i.__0vsnprintf) refers to printfa.o(i._printf_core) for _printf_core
    printfa.o(i.__0vsnprintf) refers to printfa.o(i._snputc) for _snputc
    printfa.o(i.__0vsprintf) refers (Special) to iusefp.o(.text) for __I$use$fp
    printfa.o(i.__0vsprintf) refers to printfa.o(i._printf_core) for _printf_core
    printfa.o(i.__0vsprintf) refers to printfa.o(i._sputc) for _sputc
    printfa.o(i._fp_digits) refers (Special) to iusefp.o(.text) for __I$use$fp
    printfa.o(i._fp_digits) refers to dmul.o(.text) for __aeabi_dmul
    printfa.o(i._fp_digits) refers to ddiv.o(.text) for __aeabi_ddiv
    printfa.o(i._fp_digits) refers to cdrcmple.o(.text) for __aeabi_cdrcmple
    printfa.o(i._fp_digits) refers to dadd.o(.text) for __aeabi_dadd
    printfa.o(i._fp_digits) refers to dfixul.o(.text) for __aeabi_d2ulz
    printfa.o(i._fp_digits) refers to uldiv.o(.text) for __aeabi_uldivmod
    printfa.o(i._printf_core) refers (Special) to iusefp.o(.text) for __I$use$fp
    printfa.o(i._printf_core) refers to printfa.o(i._printf_pre_padding) for _printf_pre_padding
    printfa.o(i._printf_core) refers to uldiv.o(.text) for __aeabi_uldivmod
    printfa.o(i._printf_core) refers to printfa.o(i._printf_post_padding) for _printf_post_padding
    printfa.o(i._printf_core) refers to printfa.o(i._fp_digits) for _fp_digits
    printfa.o(i._printf_core) refers to uidiv.o(.text) for __aeabi_uidivmod
    printfa.o(i._printf_post_padding) refers (Special) to iusefp.o(.text) for __I$use$fp
    printfa.o(i._printf_pre_padding) refers (Special) to iusefp.o(.text) for __I$use$fp
    printfa.o(i._snputc) refers (Special) to iusefp.o(.text) for __I$use$fp
    printfa.o(i._sputc) refers (Special) to iusefp.o(.text) for __I$use$fp
    entry2.o(.ARM.Collect$$$$00000001) refers to entry2.o(.ARM.Collect$$$$00002712) for __lit__00000000
    entry2.o(.ARM.Collect$$$$00002712) refers to startup_m451series.o(STACK) for __initial_sp
    entry2.o(__vectab_stack_and_reset_area) refers to startup_m451series.o(STACK) for __initial_sp
    entry2.o(__vectab_stack_and_reset_area) refers to entry.o(.ARM.Collect$$$$00000000) for __main
    entry5.o(.ARM.Collect$$$$00000004) refers to init.o(.text) for __scatterload
    entry9a.o(.ARM.Collect$$$$0000000B) refers to main.o(.text) for main
    entry9b.o(.ARM.Collect$$$$0000000C) refers to main.o(.text) for main
    uldiv.o(.text) refers to llushr.o(.text) for __aeabi_llsr
    uldiv.o(.text) refers to llshl.o(.text) for __aeabi_llsl
    dadd.o(.text) refers to llshl.o(.text) for __aeabi_llsl
    dadd.o(.text) refers to llsshr.o(.text) for __aeabi_lasr
    dadd.o(.text) refers to depilogue.o(.text) for _double_epilogue
    dmul.o(.text) refers to depilogue.o(.text) for _double_epilogue
    ddiv.o(.text) refers to depilogue.o(.text) for _double_round
    dfixul.o(.text) refers to llushr.o(.text) for __aeabi_llsr
    dfixul.o(.text) refers to llshl.o(.text) for __aeabi_llsl
    init.o(.text) refers to entry5.o(.ARM.Collect$$$$00000004) for __main_after_scatterload
    depilogue.o(.text) refers to llshl.o(.text) for __aeabi_llsl
    depilogue.o(.text) refers to llushr.o(.text) for __aeabi_llsr


==============================================================================

Removing Unused input sections from the image.

    Removing system_m451series.o(.rev16_text), (4 bytes).
    Removing system_m451series.o(.revsh_text), (4 bytes).
    Removing startup_m451series.o(HEAP), (0 bytes).
    Removing main.o(.rev16_text), (4 bytes).
    Removing main.o(.revsh_text), (4 bytes).
    Removing partest.o(.rev16_text), (4 bytes).
    Removing partest.o(.revsh_text), (4 bytes).
    Removing queueset.o(.rev16_text), (4 bytes).
    Removing queueset.o(.revsh_text), (4 bytes).
    Removing flash.o(.rev16_text), (4 bytes).
    Removing flash.o(.revsh_text), (4 bytes).
    Removing pollq.o(.rev16_text), (4 bytes).
    Removing pollq.o(.revsh_text), (4 bytes).
    Removing tasks.o(.rev16_text), (4 bytes).
    Removing tasks.o(.revsh_text), (4 bytes).
    Removing timers.o(.rev16_text), (4 bytes).
    Removing timers.o(.revsh_text), (4 bytes).
    Removing list.o(.rev16_text), (4 bytes).
    Removing list.o(.revsh_text), (4 bytes).
    Removing queue.o(.rev16_text), (4 bytes).
    Removing queue.o(.revsh_text), (4 bytes).
    Removing port.o(.rev16_text), (4 bytes).
    Removing port.o(.revsh_text), (4 bytes).
    Removing heap_2.o(.rev16_text), (4 bytes).
    Removing heap_2.o(.revsh_text), (4 bytes).
    Removing retarget.o(.rev16_text), (4 bytes).
    Removing retarget.o(.revsh_text), (4 bytes).
    Removing retarget.o(.data), (4 bytes).
    Removing sys.o(.rev16_text), (4 bytes).
    Removing sys.o(.revsh_text), (4 bytes).
    Removing sys.o(.text), (156 bytes).
    Removing uart.o(.rev16_text), (4 bytes).
    Removing uart.o(.revsh_text), (4 bytes).
    Removing clk.o(.rev16_text), (4 bytes).
    Removing clk.o(.revsh_text), (4 bytes).
    Removing gpio.o(.rev16_text), (4 bytes).
    Removing gpio.o(.revsh_text), (4 bytes).
    Removing dadd.o(.text), (334 bytes).
    Removing dmul.o(.text), (228 bytes).
    Removing ddiv.o(.text), (222 bytes).
    Removing dfixul.o(.text), (48 bytes).
    Removing cdrcmple.o(.text), (48 bytes).
    Removing depilogue.o(.text), (186 bytes).

43 unused section(s) (total 1362 bytes) removed from the image.

==============================================================================

Image Symbol Table

    Local Symbols

    Symbol Name                              Value     Ov Type        Size  Object(Section)

    RESET                                    0x00000000   Section      320  startup_m451series.o(RESET)
    ../clib/microlib/division.c              0x00000000   Number         0  uidiv.o ABSOLUTE
    ../clib/microlib/division.c              0x00000000   Number         0  uldiv.o ABSOLUTE
    ../clib/microlib/init/entry.s            0x00000000   Number         0  entry12b.o ABSOLUTE
    ../clib/microlib/init/entry.s            0x00000000   Number         0  entry8a.o ABSOLUTE
    ../clib/microlib/init/entry.s            0x00000000   Number         0  entry7b.o ABSOLUTE
    ../clib/microlib/init/entry.s            0x00000000   Number         0  entry.o ABSOLUTE
    ../clib/microlib/init/entry.s            0x00000000   Number         0  entry7a.o ABSOLUTE
    ../clib/microlib/init/entry.s            0x00000000   Number         0  entry5.o ABSOLUTE
    ../clib/microlib/init/entry.s            0x00000000   Number         0  entry2.o ABSOLUTE
    ../clib/microlib/init/entry.s            0x00000000   Number         0  entry8b.o ABSOLUTE
    ../clib/microlib/init/entry.s            0x00000000   Number         0  entry10a.o ABSOLUTE
    ../clib/microlib/init/entry.s            0x00000000   Number         0  entry9a.o ABSOLUTE
    ../clib/microlib/init/entry.s            0x00000000   Number         0  entry9b.o ABSOLUTE
    ../clib/microlib/init/entry.s            0x00000000   Number         0  entry10b.o ABSOLUTE
    ../clib/microlib/init/entry.s            0x00000000   Number         0  entry11a.o ABSOLUTE
    ../clib/microlib/init/entry.s            0x00000000   Number         0  entry11b.o ABSOLUTE
    ../clib/microlib/init/entry.s            0x00000000   Number         0  entry12a.o ABSOLUTE
    ../clib/microlib/longlong.c              0x00000000   Number         0  llshl.o ABSOLUTE
    ../clib/microlib/longlong.c              0x00000000   Number         0  llsshr.o ABSOLUTE
    ../clib/microlib/longlong.c              0x00000000   Number         0  llushr.o ABSOLUTE
    ../clib/microlib/printf/printf.c         0x00000000   Number         0  printf2.o ABSOLUTE
    ../clib/microlib/printf/printf.c         0x00000000   Number         0  printfa.o ABSOLUTE
    ../clib/microlib/printf/printf.c         0x00000000   Number         0  printf8.o ABSOLUTE
    ../clib/microlib/printf/printf.c         0x00000000   Number         0  printf7.o ABSOLUTE
    ../clib/microlib/printf/printf.c         0x00000000   Number         0  printf6.o ABSOLUTE
    ../clib/microlib/printf/printf.c         0x00000000   Number         0  printf5.o ABSOLUTE
    ../clib/microlib/printf/printf.c         0x00000000   Number         0  printf4.o ABSOLUTE
    ../clib/microlib/printf/printf.c         0x00000000   Number         0  printf1.o ABSOLUTE
    ../clib/microlib/printf/printf.c         0x00000000   Number         0  printf0.o ABSOLUTE
    ../clib/microlib/printf/printf.c         0x00000000   Number         0  printfb.o ABSOLUTE
    ../clib/microlib/printf/printf.c         0x00000000   Number         0  printf3.o ABSOLUTE
    ../clib/microlib/printf/stubs.s          0x00000000   Number         0  stubs.o ABSOLUTE
    ../clib/microlib/stdlib/rand.c           0x00000000   Number         0  rand.o ABSOLUTE
    ../clib/microlib/string/memcpy.c         0x00000000   Number         0  memcpya.o ABSOLUTE
    ../clib/microlib/string/memcpy.c         0x00000000   Number         0  memcpyb.o ABSOLUTE
    ../clib/microlib/string/memset.c         0x00000000   Number         0  memseta.o ABSOLUTE
    ../clib/microlib/string/strcat.c         0x00000000   Number         0  strcat.o ABSOLUTE
    ../clib/microlib/string/strncpy.c        0x00000000   Number         0  strncpy.o ABSOLUTE
    ../clib/microlib/stubs.s                 0x00000000   Number         0  iusefp.o ABSOLUTE
    ../fplib/microlib/fpadd.c                0x00000000   Number         0  dadd.o ABSOLUTE
    ../fplib/microlib/fpdiv.c                0x00000000   Number         0  ddiv.o ABSOLUTE
    ../fplib/microlib/fpepilogue.c           0x00000000   Number         0  depilogue.o ABSOLUTE
    ../fplib/microlib/fpfix.c                0x00000000   Number         0  dfixul.o ABSOLUTE
    ../fplib/microlib/fpmul.c                0x00000000   Number         0  dmul.o ABSOLUTE
    ..\..\Library\Device\Nuvoton\M451Series\Source\ARM\startup_M451Series.s 0x00000000   Number         0  startup_m451series.o ABSOLUTE
    ..\..\Library\Device\Nuvoton\M451Series\Source\system_M451Series.c 0x00000000   Number         0  system_m451series.o ABSOLUTE
    ..\..\Library\StdDriver\src\clk.c        0x00000000   Number         0  clk.o ABSOLUTE
    ..\..\Library\StdDriver\src\gpio.c       0x00000000   Number         0  gpio.o ABSOLUTE
    ..\..\Library\StdDriver\src\retarget.c   0x00000000   Number         0  retarget.o ABSOLUTE
    ..\..\Library\StdDriver\src\sys.c        0x00000000   Number         0  sys.o ABSOLUTE
    ..\..\Library\StdDriver\src\uart.c       0x00000000   Number         0  uart.o ABSOLUTE
    ..\..\ThirdParty\FreeRTOS\DEMO\COMMON\Minimal\PollQ.c 0x00000000   Number         0  pollq.o ABSOLUTE
    ..\..\ThirdParty\FreeRTOS\DEMO\COMMON\Minimal\QueueSet.c 0x00000000   Number         0  queueset.o ABSOLUTE
    ..\..\ThirdParty\FreeRTOS\DEMO\COMMON\Minimal\flash.c 0x00000000   Number         0  flash.o ABSOLUTE
    ..\..\ThirdParty\FreeRTOS\SOURCE\list.c  0x00000000   Number         0  list.o ABSOLUTE
    ..\..\ThirdParty\FreeRTOS\SOURCE\portable\MemMang\heap_2.c 0x00000000   Number         0  heap_2.o ABSOLUTE
    ..\..\ThirdParty\FreeRTOS\SOURCE\portable\RVDS\ARM_CM4F\port.c 0x00000000   Number         0  port.o ABSOLUTE
    ..\..\ThirdParty\FreeRTOS\SOURCE\queue.c 0x00000000   Number         0  queue.o ABSOLUTE
    ..\..\ThirdParty\FreeRTOS\SOURCE\tasks.c 0x00000000   Number         0  tasks.o ABSOLUTE
    ..\..\ThirdParty\FreeRTOS\SOURCE\timers.c 0x00000000   Number         0  timers.o ABSOLUTE
    ..\ParTest.c                             0x00000000   Number         0  partest.o ABSOLUTE
    ..\\..\\Library\\Device\\Nuvoton\\M451Series\\Source\\system_M451Series.c 0x00000000   Number         0  system_m451series.o ABSOLUTE
    ..\\..\\Library\\StdDriver\\src\\clk.c   0x00000000   Number         0  clk.o ABSOLUTE
    ..\\..\\Library\\StdDriver\\src\\gpio.c  0x00000000   Number         0  gpio.o ABSOLUTE
    ..\\..\\Library\\StdDriver\\src\\retarget.c 0x00000000   Number         0  retarget.o ABSOLUTE
    ..\\..\\Library\\StdDriver\\src\\sys.c   0x00000000   Number         0  sys.o ABSOLUTE
    ..\\..\\Library\\StdDriver\\src\\uart.c  0x00000000   Number         0  uart.o ABSOLUTE
    ..\\..\\ThirdParty\\FreeRTOS\\DEMO\\COMMON\\Minimal\\PollQ.c 0x00000000   Number         0  pollq.o ABSOLUTE
    ..\\..\\ThirdParty\\FreeRTOS\\DEMO\\COMMON\\Minimal\\QueueSet.c 0x00000000   Number         0  queueset.o ABSOLUTE
    ..\\..\\ThirdParty\\FreeRTOS\\DEMO\\COMMON\\Minimal\\flash.c 0x00000000   Number         0  flash.o ABSOLUTE
    ..\\..\\ThirdParty\\FreeRTOS\\SOURCE\\list.c 0x00000000   Number         0  list.o ABSOLUTE
    ..\\..\\ThirdParty\\FreeRTOS\\SOURCE\\portable\\MemMang\\heap_2.c 0x00000000   Number         0  heap_2.o ABSOLUTE
    ..\\..\\ThirdParty\\FreeRTOS\\SOURCE\\portable\\RVDS\\ARM_CM4F\\port.c 0x00000000   Number         0  port.o ABSOLUTE
    ..\\..\\ThirdParty\\FreeRTOS\\SOURCE\\queue.c 0x00000000   Number         0  queue.o ABSOLUTE
    ..\\..\\ThirdParty\\FreeRTOS\\SOURCE\\tasks.c 0x00000000   Number         0  tasks.o ABSOLUTE
    ..\\..\\ThirdParty\\FreeRTOS\\SOURCE\\timers.c 0x00000000   Number         0  timers.o ABSOLUTE
    ..\\ParTest.c                            0x00000000   Number         0  partest.o ABSOLUTE
    ..\\main.c                               0x00000000   Number         0  main.o ABSOLUTE
    ..\main.c                                0x00000000   Number         0  main.o ABSOLUTE
    cdrcmple.s                               0x00000000   Number         0  cdrcmple.o ABSOLUTE
    dc.s                                     0x00000000   Number         0  dc.o ABSOLUTE
    handlers.s                               0x00000000   Number         0  handlers.o ABSOLUTE
    init.s                                   0x00000000   Number         0  init.o ABSOLUTE
    .ARM.Collect$$$$00000000                 0x00000140   Section        0  entry.o(.ARM.Collect$$$$00000000)
    .ARM.Collect$$$$00000001                 0x00000140   Section        4  entry2.o(.ARM.Collect$$$$00000001)
    .ARM.Collect$$$$00000004                 0x00000144   Section        4  entry5.o(.ARM.Collect$$$$00000004)
    .ARM.Collect$$$$00000008                 0x00000148   Section        0  entry7b.o(.ARM.Collect$$$$00000008)
    .ARM.Collect$$$$0000000A                 0x00000148   Section        0  entry8b.o(.ARM.Collect$$$$0000000A)
    .ARM.Collect$$$$0000000B                 0x00000148   Section        8  entry9a.o(.ARM.Collect$$$$0000000B)
    .ARM.Collect$$$$0000000E                 0x00000150   Section        4  entry12b.o(.ARM.Collect$$$$0000000E)
    .ARM.Collect$$$$0000000F                 0x00000154   Section        0  entry10a.o(.ARM.Collect$$$$0000000F)
    .ARM.Collect$$$$00000011                 0x00000154   Section        0  entry11a.o(.ARM.Collect$$$$00000011)
    .ARM.Collect$$$$00002712                 0x00000154   Section        4  entry2.o(.ARM.Collect$$$$00002712)
    __lit__00000000                          0x00000154   Data           4  entry2.o(.ARM.Collect$$$$00002712)
    .emb_text                                0x00000158   Section      168  port.o(.emb_text)
    $v0                                      0x00000158   Number         0  port.o(.emb_text)
    .emb_text                                0x00000200   Section       28  retarget.o(.emb_text)
    $v0                                      0x00000200   Number         0  retarget.o(.emb_text)
    .text                                    0x0000021c   Section        0  system_m451series.o(.text)
    .text                                    0x00000304   Section       92  startup_m451series.o(.text)
    $v0                                      0x00000304   Number         0  startup_m451series.o(.text)
    Default_Handler                          0x00000349   Thumb Code     2  startup_m451series.o(.text)
    .text                                    0x00000360   Section        0  main.o(.text)
    vCheckTask                               0x00000361   Thumb Code    48  main.o(.text)
    prvSetupHardware                         0x000003d9   Thumb Code   152  main.o(.text)
    .text                                    0x000004f8   Section        0  partest.o(.text)
    .text                                    0x00000560   Section        0  queueset.o(.text)
    prvCheckReceivedValueWithinExpectedRange 0x00000561   Thumb Code    36  queueset.o(.text)
    prvCheckReceivedValue                    0x00000585   Thumb Code   116  queueset.o(.text)
    prvSetupTest                             0x000005f9   Thumb Code   142  queueset.o(.text)
    prvQueueSetReceivingTask                 0x00000687   Thumb Code    74  queueset.o(.text)
    prvQueueSetSendingTask                   0x000006d1   Thumb Code   118  queueset.o(.text)
    prvSendToQueueInSetFromISR               0x00000811   Thumb Code    60  queueset.o(.text)
    .text                                    0x0000086c   Section        0  flash.o(.text)
    vLEDFlashTask                            0x0000086d   Thumb Code    68  flash.o(.text)
    .text                                    0x000008f0   Section        0  pollq.o(.text)
    vPolledQueueProducer                     0x000008f1   Thumb Code    76  pollq.o(.text)
    vPolledQueueConsumer                     0x0000093d   Thumb Code    80  pollq.o(.text)
    .text                                    0x00000a18   Section        0  tasks.o(.text)
    prvAddCurrentTaskToDelayedList           0x00000d4d   Thumb Code    48  tasks.o(.text)
    prvIdleTask                              0x00001071   Thumb Code    22  tasks.o(.text)
    prvListTaskWithinSingleList              0x00001109   Thumb Code   114  tasks.o(.text)
    prvCheckTasksWaitingTermination          0x0000142b   Thumb Code    82  tasks.o(.text)
    .text                                    0x00001484   Section        0  timers.o(.text)
    prvInsertTimerInActiveList               0x00001485   Thumb Code    52  timers.o(.text)
    prvSampleTimeNow                         0x000014fb   Thumb Code    36  timers.o(.text)
    prvTimerTask                             0x0000151f   Thumb Code    34  timers.o(.text)
    prvCheckForValidListAndQueue             0x00001541   Thumb Code    54  timers.o(.text)
    prvSwitchTimerLists                      0x00001605   Thumb Code    94  timers.o(.text)
    prvProcessReceivedCommands               0x00001663   Thumb Code   154  timers.o(.text)
    prvProcessTimerOrBlockTask               0x000016fd   Thumb Code   136  timers.o(.text)
    .text                                    0x00001798   Section        0  list.o(.text)
    .text                                    0x00001828   Section        0  queue.o(.text)
    prvCopyDataToQueue                       0x000018dd   Thumb Code    90  queue.o(.text)
    prvNotifyQueueSetContainer               0x00001937   Thumb Code    66  queue.o(.text)
    prvUnlockQueue                           0x00001979   Thumb Code   118  queue.o(.text)
    prvCopyDataFromQueue                     0x00001b75   Thumb Code    40  queue.o(.text)
    .text                                    0x00001f6c   Section        0  port.o(.text)
    .text                                    0x00002034   Section        0  heap_2.o(.text)
    .text                                    0x00002130   Section        0  retarget.o(.text)
    __tagsym$$used                           0x00002131   Number         0  retarget.o(.text)
    stackDump                                0x00002195   Thumb Code    72  retarget.o(.text)
    .text                                    0x00002258   Section        0  uart.o(.text)
    CLK_GetPLLClockFreq                      0x00002259   Thumb Code    76  uart.o(.text)
    NVIC_EnableIRQ                           0x00002583   Thumb Code    22  uart.o(.text)
    NVIC_DisableIRQ                          0x00002599   Thumb Code    22  uart.o(.text)
    .text                                    0x000025d8   Section        0  clk.o(.text)
    .text                                    0x00002a7a   Section        0  gpio.o(.text)
    .text                                    0x00002ad8   Section        0  rand.o(.text)
    .text                                    0x00002afc   Section        0  memcpya.o(.text)
    .text                                    0x00002b20   Section        0  memseta.o(.text)
    .text                                    0x00002b44   Section        0  strcat.o(.text)
    .text                                    0x00002b5c   Section        0  strncpy.o(.text)
    .text                                    0x00002b74   Section        0  uldiv.o(.text)
    .text                                    0x00002bd8   Section       36  init.o(.text)
    .text                                    0x00002bfc   Section        0  llshl.o(.text)
    .text                                    0x00002c1a   Section        0  llushr.o(.text)
    i.__0printf$5                            0x00002c3c   Section        0  printf5.o(i.__0printf$5)
    i.__0sprintf$5                           0x00002c5c   Section        0  printf5.o(i.__0sprintf$5)
    i.__scatterload_copy                     0x00002c84   Section       14  handlers.o(i.__scatterload_copy)
    i.__scatterload_null                     0x00002c92   Section        2  handlers.o(i.__scatterload_null)
    i.__scatterload_zeroinit                 0x00002c94   Section       14  handlers.o(i.__scatterload_zeroinit)
    i._printf_core                           0x00002ca4   Section        0  printf5.o(i._printf_core)
    _printf_core                             0x00002ca5   Thumb Code   660  printf5.o(i._printf_core)
    i._sputc                                 0x00002f64   Section        0  printf5.o(i._sputc)
    _sputc                                   0x00002f65   Thumb Code    10  printf5.o(i._sputc)
    .constdata                               0x00002f70   Section       48  uart.o(.constdata)
    .data                                    0x20000000   Section       44  system_m451series.o(.data)
    .data                                    0x2000002c   Section        2  partest.o(.data)
    usOutputValue                            0x2000002c   Data           2  partest.o(.data)
    .data                                    0x20000030   Section       44  queueset.o(.data)
    ulCycleCounter                           0x20000030   Data           4  queueset.o(.data)
    xQueueSetTasksStatus                     0x20000034   Data           4  queueset.o(.data)
    xSetupComplete                           0x20000038   Data           4  queueset.o(.data)
    ulISRTxValue                             0x2000003c   Data           4  queueset.o(.data)
    ulLastCycleCounter                       0x20000040   Data           4  queueset.o(.data)
    ulLastISRTxValue                         0x20000044   Data           4  queueset.o(.data)
    ulCallCount                              0x20000048   Data           4  queueset.o(.data)
    ulExpectedReceivedFromTask               0x2000004c   Data           4  queueset.o(.data)
    ulExpectedReceivedFromISR                0x20000050   Data           4  queueset.o(.data)
    xQueueToWriteTo                          0x20000054   Data           4  queueset.o(.data)
    xQueueSet                                0x20000058   Data           4  queueset.o(.data)
    .data                                    0x2000005c   Section        4  flash.o(.data)
    uxFlashTaskNumber                        0x2000005c   Data           4  flash.o(.data)
    .data                                    0x20000060   Section       12  pollq.o(.data)
    xPollingConsumerCount                    0x20000060   Data           4  pollq.o(.data)
    xPollingProducerCount                    0x20000064   Data           4  pollq.o(.data)
    xPolledQueue                             0x20000068   Data           4  pollq.o(.data)
    .data                                    0x2000006c   Section       60  tasks.o(.data)
    uxTasksDeleted                           0x20000070   Data           4  tasks.o(.data)
    uxCurrentNumberOfTasks                   0x20000074   Data           4  tasks.o(.data)
    xTickCount                               0x20000078   Data           4  tasks.o(.data)
    uxTopUsedPriority                        0x2000007c   Data           4  tasks.o(.data)
    uxTopReadyPriority                       0x20000080   Data           4  tasks.o(.data)
    xSchedulerRunning                        0x20000084   Data           4  tasks.o(.data)
    uxSchedulerSuspended                     0x20000088   Data           4  tasks.o(.data)
    uxMissedTicks                            0x2000008c   Data           4  tasks.o(.data)
    xMissedYield                             0x20000090   Data           4  tasks.o(.data)
    xNumOfOverflows                          0x20000094   Data           4  tasks.o(.data)
    uxTaskNumber                             0x20000098   Data           4  tasks.o(.data)
    xNextTaskUnblockTime                     0x2000009c   Data           4  tasks.o(.data)
    pxDelayedTaskList                        0x200000a0   Data           4  tasks.o(.data)
    pxOverflowDelayedTaskList                0x200000a4   Data           4  tasks.o(.data)
    .data                                    0x200000a8   Section       16  timers.o(.data)
    xTimerQueue                              0x200000a8   Data           4  timers.o(.data)
    xLastTime                                0x200000ac   Data           4  timers.o(.data)
    pxCurrentTimerList                       0x200000b0   Data           4  timers.o(.data)
    pxOverflowTimerList                      0x200000b4   Data           4  timers.o(.data)
    .data                                    0x200000b8   Section        4  port.o(.data)
    uxCriticalNesting                        0x200000b8   Data           4  port.o(.data)
    .data                                    0x200000bc   Section       24  heap_2.o(.data)
    xFreeBytesRemaining                      0x200000bc   Data           4  heap_2.o(.data)
    xHeapHasBeenInitialised                  0x200000c0   Data           4  heap_2.o(.data)
    xStart                                   0x200000c4   Data           8  heap_2.o(.data)
    xEnd                                     0x200000cc   Data           8  heap_2.o(.data)
    .data                                    0x200000d4   Section        4  retarget.o(.data)
    .data                                    0x200000d8   Section        4  rand.o(.data)
    _rand_state                              0x200000d8   Data           4  rand.o(.data)
    .bss                                     0x200000dc   Section       36  queueset.o(.bss)
    xQueues                                  0x200000dc   Data          12  queueset.o(.bss)
    ulQueueUsedCounter                       0x200000e8   Data          12  queueset.o(.bss)
    ulLastQueueUsedCounter                   0x200000f4   Data          12  queueset.o(.bss)
    .bss                                     0x20000100   Section      240  tasks.o(.bss)
    pcStatusString                           0x20000100   Data          40  tasks.o(.bss)
    pxReadyTasksLists                        0x20000128   Data         100  tasks.o(.bss)
    xDelayedTaskList1                        0x2000018c   Data          20  tasks.o(.bss)
    xDelayedTaskList2                        0x200001a0   Data          20  tasks.o(.bss)
    xPendingReadyList                        0x200001b4   Data          20  tasks.o(.bss)
    xTasksWaitingTermination                 0x200001c8   Data          20  tasks.o(.bss)
    xSuspendedTaskList                       0x200001dc   Data          20  tasks.o(.bss)
    .bss                                     0x200001f0   Section       40  timers.o(.bss)
    xActiveTimerList1                        0x200001f0   Data          20  timers.o(.bss)
    xActiveTimerList2                        0x20000204   Data          20  timers.o(.bss)
    .bss                                     0x20000218   Section       64  queue.o(.bss)
    .bss                                     0x20000258   Section     8192  heap_2.o(.bss)
    ucHeap                                   0x20000258   Data        8192  heap_2.o(.bss)
    STACK                                    0x20002258   Section     1024  startup_m451series.o(STACK)

    Global Symbols

    Symbol Name                              Value     Ov Type        Size  Object(Section)

    BuildAttributes$$THM_ISAv4$E$P$D$K$B$S$7EM$VFPi3$EXTD16$VFPS$VFMA$PE$A:L22UL41UL21$X:L11$S22US41US21$IEEE1$IW$USESV6$~STKCKD$USESV7$~SHL$OSPACE$ROPI$EBA8$MICROLIB$REQ8$PRES8$EABIv2 0x00000000   Number         0  anon$$obj.o ABSOLUTE
    __ARM_use_no_argv                        0x00000000   Number         0  main.o ABSOLUTE
    __Vectors                                0x00000000   Data           4  startup_m451series.o(RESET)
    _printf_a                                0x00000000   Number         0  stubs.o ABSOLUTE
    _printf_c                                0x00000000   Number         0  stubs.o ABSOLUTE
    _printf_charcount                        0x00000000   Number         0  stubs.o ABSOLUTE
    _printf_d                                0x00000000   Number         0  stubs.o ABSOLUTE
    _printf_e                                0x00000000   Number         0  stubs.o ABSOLUTE
    _printf_f                                0x00000000   Number         0  stubs.o ABSOLUTE
    _printf_flags                            0x00000000   Number         0  stubs.o ABSOLUTE
    _printf_fp_dec                           0x00000000   Number         0  stubs.o ABSOLUTE
    _printf_fp_hex                           0x00000000   Number         0  stubs.o ABSOLUTE
    _printf_g                                0x00000000   Number         0  stubs.o ABSOLUTE
    _printf_i                                0x00000000   Number         0  stubs.o ABSOLUTE
    _printf_int_dec                          0x00000000   Number         0  stubs.o ABSOLUTE
    _printf_l                                0x00000000   Number         0  stubs.o ABSOLUTE
    _printf_lc                               0x00000000   Number         0  stubs.o ABSOLUTE
    _printf_ll                               0x00000000   Number         0  stubs.o ABSOLUTE
    _printf_lld                              0x00000000   Number         0  stubs.o ABSOLUTE
    _printf_lli                              0x00000000   Number         0  stubs.o ABSOLUTE
    _printf_llo                              0x00000000   Number         0  stubs.o ABSOLUTE
    _printf_llu                              0x00000000   Number         0  stubs.o ABSOLUTE
    _printf_llx                              0x00000000   Number         0  stubs.o ABSOLUTE
    _printf_longlong_dec                     0x00000000   Number         0  stubs.o ABSOLUTE
    _printf_longlong_hex                     0x00000000   Number         0  stubs.o ABSOLUTE
    _printf_longlong_oct                     0x00000000   Number         0  stubs.o ABSOLUTE
    _printf_ls                               0x00000000   Number         0  stubs.o ABSOLUTE
    _printf_mbtowc                           0x00000000   Number         0  stubs.o ABSOLUTE
    _printf_n                                0x00000000   Number         0  stubs.o ABSOLUTE
    _printf_o                                0x00000000   Number         0  stubs.o ABSOLUTE
    _printf_p                                0x00000000   Number         0  stubs.o ABSOLUTE
    _printf_percent                          0x00000000   Number         0  stubs.o ABSOLUTE
    _printf_pre_padding                      0x00000000   Number         0  stubs.o ABSOLUTE
    _printf_return_value                     0x00000000   Number         0  stubs.o ABSOLUTE
    _printf_s                                0x00000000   Number         0  stubs.o ABSOLUTE
    _printf_sizespec                         0x00000000   Number         0  stubs.o ABSOLUTE
    _printf_str                              0x00000000   Number         0  stubs.o ABSOLUTE
    _printf_truncate_signed                  0x00000000   Number         0  stubs.o ABSOLUTE
    _printf_truncate_unsigned                0x00000000   Number         0  stubs.o ABSOLUTE
    _printf_u                                0x00000000   Number         0  stubs.o ABSOLUTE
    _printf_wc                               0x00000000   Number         0  stubs.o ABSOLUTE
    _printf_wctomb                           0x00000000   Number         0  stubs.o ABSOLUTE
    _printf_widthprec                        0x00000000   Number         0  stubs.o ABSOLUTE
    _printf_x                                0x00000000   Number         0  stubs.o ABSOLUTE
    __arm_fini_                               - Undefined Weak Reference
    __cpp_initialize__aeabi_                  - Undefined Weak Reference
    __cxa_finalize                            - Undefined Weak Reference
    __decompress                              - Undefined Weak Reference
    _clock_init                               - Undefined Weak Reference
    _microlib_exit                            - Undefined Weak Reference
    __Vectors_End                            0x00000140   Data           0  startup_m451series.o(RESET)
    __Vectors_Size                           0x00000140   Number         0  startup_m451series.o ABSOLUTE
    __main                                   0x00000141   Thumb Code     0  entry.o(.ARM.Collect$$$$00000000)
    _main_stk                                0x00000141   Thumb Code     0  entry2.o(.ARM.Collect$$$$00000001)
    _main_scatterload                        0x00000145   Thumb Code     0  entry5.o(.ARM.Collect$$$$00000004)
    __main_after_scatterload                 0x00000149   Thumb Code     0  entry5.o(.ARM.Collect$$$$00000004)
    _main_clock                              0x00000149   Thumb Code     0  entry7b.o(.ARM.Collect$$$$00000008)
    _main_cpp_init                           0x00000149   Thumb Code     0  entry8b.o(.ARM.Collect$$$$0000000A)
    _main_init                               0x00000149   Thumb Code     0  entry9a.o(.ARM.Collect$$$$0000000B)
    __rt_lib_shutdown_fini                   0x00000151   Thumb Code     0  entry12b.o(.ARM.Collect$$$$0000000E)
    __rt_final_cpp                           0x00000155   Thumb Code     0  entry10a.o(.ARM.Collect$$$$0000000F)
    __rt_final_exit                          0x00000155   Thumb Code     0  entry11a.o(.ARM.Collect$$$$00000011)
    SVC_Handler                              0x00000159   Thumb Code    24  port.o(.emb_text)
    __asm___6_port_c_39a90d8d__prvStartFirstTask 0x00000175   Thumb Code    16  port.o(.emb_text)
    __asm___6_port_c_39a90d8d__prvEnableVFP  0x00000189   Thumb Code    16  port.o(.emb_text)
    PendSV_Handler                           0x0000019d   Thumb Code    76  port.o(.emb_text)
    ulPortSetInterruptMask                   0x000001ed   Thumb Code    14  port.o(.emb_text)
    vPortClearInterruptMask                  0x000001fb   Thumb Code     6  port.o(.emb_text)
    HardFault_Handler                        0x00000201   Thumb Code    24  retarget.o(.emb_text)
    SystemCoreClockUpdate                    0x0000021d   Thumb Code   128  system_m451series.o(.text)
    SystemInit                               0x0000029d   Thumb Code    80  system_m451series.o(.text)
    Reset_Handler                            0x00000305   Thumb Code    50  startup_m451series.o(.text)
    NMI_Handler                              0x00000337   Thumb Code     2  startup_m451series.o(.text)
    MemManage_Handler                        0x0000033b   Thumb Code     2  startup_m451series.o(.text)
    BusFault_Handler                         0x0000033d   Thumb Code     2  startup_m451series.o(.text)
    UsageFault_Handler                       0x0000033f   Thumb Code     2  startup_m451series.o(.text)
    DebugMon_Handler                         0x00000343   Thumb Code     2  startup_m451series.o(.text)
    ACMP01_IRQHandler                        0x00000349   Thumb Code     0  startup_m451series.o(.text)
    ADC00_IRQHandler                         0x00000349   Thumb Code     0  startup_m451series.o(.text)
    ADC01_IRQHandler                         0x00000349   Thumb Code     0  startup_m451series.o(.text)
    ADC02_IRQHandler                         0x00000349   Thumb Code     0  startup_m451series.o(.text)
    ADC03_IRQHandler                         0x00000349   Thumb Code     0  startup_m451series.o(.text)
    BOD_IRQHandler                           0x00000349   Thumb Code     0  startup_m451series.o(.text)
    BRAKE0_IRQHandler                        0x00000349   Thumb Code     0  startup_m451series.o(.text)
    BRAKE1_IRQHandler                        0x00000349   Thumb Code     0  startup_m451series.o(.text)
    CAN0_IRQHandler                          0x00000349   Thumb Code     0  startup_m451series.o(.text)
    CLKFAIL_IRQHandler                       0x00000349   Thumb Code     0  startup_m451series.o(.text)
    DAC_IRQHandler                           0x00000349   Thumb Code     0  startup_m451series.o(.text)
    EINT0_IRQHandler                         0x00000349   Thumb Code     0  startup_m451series.o(.text)
    EINT1_IRQHandler                         0x00000349   Thumb Code     0  startup_m451series.o(.text)
    EINT2_IRQHandler                         0x00000349   Thumb Code     0  startup_m451series.o(.text)
    EINT3_IRQHandler                         0x00000349   Thumb Code     0  startup_m451series.o(.text)
    EINT4_IRQHandler                         0x00000349   Thumb Code     0  startup_m451series.o(.text)
    EINT5_IRQHandler                         0x00000349   Thumb Code     0  startup_m451series.o(.text)
    GPA_IRQHandler                           0x00000349   Thumb Code     0  startup_m451series.o(.text)
    GPB_IRQHandler                           0x00000349   Thumb Code     0  startup_m451series.o(.text)
    GPC_IRQHandler                           0x00000349   Thumb Code     0  startup_m451series.o(.text)
    GPD_IRQHandler                           0x00000349   Thumb Code     0  startup_m451series.o(.text)
    GPE_IRQHandler                           0x00000349   Thumb Code     0  startup_m451series.o(.text)
    GPF_IRQHandler                           0x00000349   Thumb Code     0  startup_m451series.o(.text)
    I2C0_IRQHandler                          0x00000349   Thumb Code     0  startup_m451series.o(.text)
    I2C1_IRQHandler                          0x00000349   Thumb Code     0  startup_m451series.o(.text)
    IRC_IRQHandler                           0x00000349   Thumb Code     0  startup_m451series.o(.text)
    PDMA_IRQHandler                          0x00000349   Thumb Code     0  startup_m451series.o(.text)
    PWM0P0_IRQHandler                        0x00000349   Thumb Code     0  startup_m451series.o(.text)
    PWM0P1_IRQHandler                        0x00000349   Thumb Code     0  startup_m451series.o(.text)
    PWM0P2_IRQHandler                        0x00000349   Thumb Code     0  startup_m451series.o(.text)
    PWM1P0_IRQHandler                        0x00000349   Thumb Code     0  startup_m451series.o(.text)
    PWM1P1_IRQHandler                        0x00000349   Thumb Code     0  startup_m451series.o(.text)
    PWM1P2_IRQHandler                        0x00000349   Thumb Code     0  startup_m451series.o(.text)
    PWRWU_IRQHandler                         0x00000349   Thumb Code     0  startup_m451series.o(.text)
    RAMPE_IRQHandler                         0x00000349   Thumb Code     0  startup_m451series.o(.text)
    RTC_IRQHandler                           0x00000349   Thumb Code     0  startup_m451series.o(.text)
    SC0_IRQHandler                           0x00000349   Thumb Code     0  startup_m451series.o(.text)
    SPI0_IRQHandler                          0x00000349   Thumb Code     0  startup_m451series.o(.text)
    SPI1_IRQHandler                          0x00000349   Thumb Code     0  startup_m451series.o(.text)
    SPI2_IRQHandler                          0x00000349   Thumb Code     0  startup_m451series.o(.text)
    TAMPER_IRQHandler                        0x00000349   Thumb Code     0  startup_m451series.o(.text)
    TK_IRQHandler                            0x00000349   Thumb Code     0  startup_m451series.o(.text)
    TMR0_IRQHandler                          0x00000349   Thumb Code     0  startup_m451series.o(.text)
    TMR1_IRQHandler                          0x00000349   Thumb Code     0  startup_m451series.o(.text)
    TMR2_IRQHandler                          0x00000349   Thumb Code     0  startup_m451series.o(.text)
    TMR3_IRQHandler                          0x00000349   Thumb Code     0  startup_m451series.o(.text)
    UART0_IRQHandler                         0x00000349   Thumb Code     0  startup_m451series.o(.text)
    UART1_IRQHandler                         0x00000349   Thumb Code     0  startup_m451series.o(.text)
    UART2_IRQHandler                         0x00000349   Thumb Code     0  startup_m451series.o(.text)
    UART3_IRQHandler                         0x00000349   Thumb Code     0  startup_m451series.o(.text)
    USBD_IRQHandler                          0x00000349   Thumb Code     0  startup_m451series.o(.text)
    USBH_IRQHandler                          0x00000349   Thumb Code     0  startup_m451series.o(.text)
    USBOTG_IRQHandler                        0x00000349   Thumb Code     0  startup_m451series.o(.text)
    WDT_IRQHandler                           0x00000349   Thumb Code     0  startup_m451series.o(.text)
    WWDT_IRQHandler                          0x00000349   Thumb Code     0  startup_m451series.o(.text)
    main                                     0x00000391   Thumb Code    54  main.o(.text)
    vApplicationMallocFailedHook             0x000003c7   Thumb Code     6  main.o(.text)
    vApplicationIdleHook                     0x000003cd   Thumb Code     2  main.o(.text)
    vApplicationStackOverflowHook            0x000003cf   Thumb Code     6  main.o(.text)
    vApplicationTickHook                     0x000003d5   Thumb Code     4  main.o(.text)
    vParTestToggleLED                        0x000004f9   Thumb Code    60  partest.o(.text)
    vStartQueueSetTasks                      0x00000747   Thumb Code    60  queueset.o(.text)
    xAreQueueSetTasksStillRunning            0x00000783   Thumb Code    80  queueset.o(.text)
    vQueueSetAccessQueueSetFromISR           0x000007d3   Thumb Code    62  queueset.o(.text)
    vStartLEDFlashTasks                      0x000008b1   Thumb Code    46  flash.o(.text)
    vStartPolledQueueTasks                   0x0000098d   Thumb Code    72  pollq.o(.text)
    xArePollingQueuesStillRunning            0x000009d5   Thumb Code    24  pollq.o(.text)
    xTaskGenericCreate                       0x00000a19   Thumb Code   376  tasks.o(.text)
    vTaskDelete                              0x00000b91   Thumb Code    92  tasks.o(.text)
    vTaskIncrementTick                       0x00000bed   Thumb Code   180  tasks.o(.text)
    xTaskResumeAll                           0x00000ca1   Thumb Code   172  tasks.o(.text)
    vTaskSuspendAll                          0x00000d7d   Thumb Code    10  tasks.o(.text)
    vTaskDelayUntil                          0x00000d87   Thumb Code    96  tasks.o(.text)
    vTaskDelay                               0x00000de7   Thumb Code    48  tasks.o(.text)
    uxTaskPriorityGet                        0x00000e17   Thumb Code    24  tasks.o(.text)
    vTaskPrioritySet                         0x00000e2f   Thumb Code   158  tasks.o(.text)
    vTaskSwitchContext                       0x00000ecd   Thumb Code    78  tasks.o(.text)
    vTaskSuspend                             0x00000f1b   Thumb Code   100  tasks.o(.text)
    xTaskIsTaskSuspended                     0x00000f7f   Thumb Code    42  tasks.o(.text)
    vTaskResume                              0x00000fa9   Thumb Code    92  tasks.o(.text)
    xTaskResumeFromISR                       0x00001005   Thumb Code   108  tasks.o(.text)
    vTaskStartScheduler                      0x00001087   Thumb Code    68  tasks.o(.text)
    vTaskEndScheduler                        0x000010cb   Thumb Code    20  tasks.o(.text)
    xTaskGetTickCount                        0x000010df   Thumb Code    18  tasks.o(.text)
    xTaskGetTickCountFromISR                 0x000010f1   Thumb Code    18  tasks.o(.text)
    uxTaskGetNumberOfTasks                   0x00001103   Thumb Code     6  tasks.o(.text)
    vTaskList                                0x0000117b   Thumb Code   136  tasks.o(.text)
    vTaskPlaceOnEventList                    0x00001203   Thumb Code    60  tasks.o(.text)
    vTaskPlaceOnEventListRestricted          0x0000123f   Thumb Code    40  tasks.o(.text)
    xTaskRemoveFromEventList                 0x00001267   Thumb Code   134  tasks.o(.text)
    vTaskSetTimeOutState                     0x000012ed   Thumb Code    22  tasks.o(.text)
    xTaskCheckForTimeOut                     0x00001303   Thumb Code    88  tasks.o(.text)
    vTaskMissedYield                         0x0000135b   Thumb Code     8  tasks.o(.text)
    uxTaskGetTaskNumber                      0x00001363   Thumb Code     8  tasks.o(.text)
    vTaskSetTaskNumber                       0x0000136b   Thumb Code     8  tasks.o(.text)
    xTaskGetCurrentTaskHandle                0x00001373   Thumb Code     6  tasks.o(.text)
    xTaskGetSchedulerState                   0x00001379   Thumb Code    22  tasks.o(.text)
    vTaskPriorityInherit                     0x0000138f   Thumb Code    92  tasks.o(.text)
    vTaskPriorityDisinherit                  0x000013eb   Thumb Code    64  tasks.o(.text)
    xTimerGenericCommand                     0x000014b9   Thumb Code    66  timers.o(.text)
    xTimerCreateTimerTask                    0x00001577   Thumb Code    50  timers.o(.text)
    xTimerCreate                             0x000015a9   Thumb Code    62  timers.o(.text)
    xTimerIsTimerActive                      0x000015e7   Thumb Code    26  timers.o(.text)
    pvTimerGetTimerID                        0x00001601   Thumb Code     4  timers.o(.text)
    vListInitialise                          0x00001799   Thumb Code    22  list.o(.text)
    vListInitialiseItem                      0x000017af   Thumb Code     6  list.o(.text)
    vListInsertEnd                           0x000017b5   Thumb Code    28  list.o(.text)
    vListInsert                              0x000017d1   Thumb Code    48  list.o(.text)
    uxListRemove                             0x00001801   Thumb Code    38  list.o(.text)
    xQueueGenericReset                       0x00001829   Thumb Code   106  queue.o(.text)
    xQueueGenericCreate                      0x00001893   Thumb Code    74  queue.o(.text)
    xQueueGenericSend                        0x000019ef   Thumb Code   256  queue.o(.text)
    xQueueCreateMutex                        0x00001aef   Thumb Code    82  queue.o(.text)
    xQueueGiveMutexRecursive                 0x00001b41   Thumb Code    52  queue.o(.text)
    xQueueGenericReceive                     0x00001b9d   Thumb Code   292  queue.o(.text)
    xQueueTakeMutexRecursive                 0x00001cc1   Thumb Code    58  queue.o(.text)
    xQueueCreateCountingSemaphore            0x00001cfb   Thumb Code    24  queue.o(.text)
    xQueueGenericSendFromISR                 0x00001d13   Thumb Code   132  queue.o(.text)
    xQueueReceiveFromISR                     0x00001d97   Thumb Code   112  queue.o(.text)
    uxQueueMessagesWaiting                   0x00001e07   Thumb Code    26  queue.o(.text)
    uxQueueMessagesWaitingFromISR            0x00001e21   Thumb Code    14  queue.o(.text)
    vQueueDelete                             0x00001e2f   Thumb Code    56  queue.o(.text)
    ucQueueGetQueueNumber                    0x00001e67   Thumb Code     6  queue.o(.text)
    vQueueSetQueueNumber                     0x00001e6d   Thumb Code     6  queue.o(.text)
    ucQueueGetQueueType                      0x00001e73   Thumb Code     6  queue.o(.text)
    xQueueIsQueueEmptyFromISR                0x00001e79   Thumb Code    22  queue.o(.text)
    xQueueIsQueueFullFromISR                 0x00001e8f   Thumb Code    26  queue.o(.text)
    vQueueAddToRegistry                      0x00001ea9   Thumb Code    32  queue.o(.text)
    vQueueWaitForMessageRestricted           0x00001ec9   Thumb Code    54  queue.o(.text)
    xQueueCreateSet                          0x00001eff   Thumb Code     6  queue.o(.text)
    xQueueAddToSet                           0x00001f05   Thumb Code    28  queue.o(.text)
    xQueueRemoveFromSet                      0x00001f21   Thumb Code    34  queue.o(.text)
    xQueueSelectFromSet                      0x00001f43   Thumb Code    18  queue.o(.text)
    xQueueSelectFromSetFromISR               0x00001f55   Thumb Code    18  queue.o(.text)
    pxPortInitialiseStack                    0x00001f6d   Thumb Code    34  port.o(.text)
    vPortSetupTimerInterrupt                 0x00001f8f   Thumb Code    26  port.o(.text)
    xPortStartScheduler                      0x00001fa9   Thumb Code    52  port.o(.text)
    vPortEndScheduler                        0x00001fdd   Thumb Code     2  port.o(.text)
    vPortYieldFromISR                        0x00001fdf   Thumb Code    12  port.o(.text)
    vPortEnterCritical                       0x00001feb   Thumb Code    12  port.o(.text)
    vPortExitCritical                        0x00001ff7   Thumb Code    14  port.o(.text)
    SysTick_Handler                          0x00002005   Thumb Code    30  port.o(.text)
    pvPortMalloc                             0x00002035   Thumb Code   178  heap_2.o(.text)
    vPortFree                                0x000020e7   Thumb Code    56  heap_2.o(.text)
    xPortGetFreeHeapSize                     0x0000211f   Thumb Code     6  heap_2.o(.text)
    vPortInitialiseBlocks                    0x00002125   Thumb Code     2  heap_2.o(.text)
    Hard_Fault_Handler                       0x00002131   Thumb Code    16  retarget.o(.text)
    SendChar_ToUART                          0x00002141   Thumb Code    26  retarget.o(.text)
    SendChar                                 0x0000215b   Thumb Code     2  retarget.o(.text)
    GetChar                                  0x0000215d   Thumb Code    14  retarget.o(.text)
    kbhit                                    0x0000216b   Thumb Code    10  retarget.o(.text)
    IsDebugFifoEmpty                         0x00002175   Thumb Code    10  retarget.o(.text)
    _ttywrch                                 0x0000217f   Thumb Code     2  retarget.o(.text)
    fputc                                    0x00002181   Thumb Code    12  retarget.o(.text)
    fgetc                                    0x0000218d   Thumb Code     2  retarget.o(.text)
    ferror                                   0x0000218f   Thumb Code     6  retarget.o(.text)
    UART_ClearIntFlag                        0x000022a5   Thumb Code    68  uart.o(.text)
    UART_Close                               0x000022e9   Thumb Code     6  uart.o(.text)
    UART_DisableFlowCtrl                     0x000022ef   Thumb Code    10  uart.o(.text)
    UART_DisableInt                          0x000022f9   Thumb Code    42  uart.o(.text)
    UART_EnableFlowCtrl                      0x00002323   Thumb Code    26  uart.o(.text)
    UART_EnableInt                           0x0000233d   Thumb Code    42  uart.o(.text)
    UART_Open                                0x00002367   Thumb Code   126  uart.o(.text)
    UART_Read                                0x000023e5   Thumb Code    44  uart.o(.text)
    UART_SetLine_Config                      0x00002411   Thumb Code   128  uart.o(.text)
    UART_SetTimeoutCnt                       0x00002491   Thumb Code    20  uart.o(.text)
    UART_SelectIrDAMode                      0x000024a5   Thumb Code   130  uart.o(.text)
    UART_SelectRS485Mode                     0x00002527   Thumb Code    26  uart.o(.text)
    UART_SelectLINMode                       0x00002541   Thumb Code    22  uart.o(.text)
    UART_Write                               0x00002557   Thumb Code    44  uart.o(.text)
    CLK_DisableModuleClock                   0x000025d9   Thumb Code    28  clk.o(.text)
    CLK_DisableCKO                           0x000025f5   Thumb Code     4  clk.o(.text)
    CLK_SetModuleClock                       0x000025f9   Thumb Code    74  clk.o(.text)
    CLK_EnableModuleClock                    0x00002643   Thumb Code    28  clk.o(.text)
    CLK_EnableCKO                            0x0000265f   Thumb Code    40  clk.o(.text)
    CLK_PowerDown                            0x00002687   Thumb Code    28  clk.o(.text)
    CLK_Idle                                 0x000026a3   Thumb Code    28  clk.o(.text)
    CLK_GetHXTFreq                           0x000026bf   Thumb Code    16  clk.o(.text)
    CLK_GetLXTFreq                           0x000026cf   Thumb Code    22  clk.o(.text)
    CLK_GetPCLK0Freq                         0x000026e5   Thumb Code    26  clk.o(.text)
    CLK_GetPCLK1Freq                         0x000026ff   Thumb Code    26  clk.o(.text)
    CLK_GetHCLKFreq                          0x00002719   Thumb Code    12  clk.o(.text)
    CLK_GetCPUFreq                           0x00002725   Thumb Code    12  clk.o(.text)
    CLK_WaitClockReady                       0x00002731   Thumb Code    38  clk.o(.text)
    CLK_SetHCLK                              0x00002757   Thumb Code    98  clk.o(.text)
    CLK_DisablePLL                           0x000027b9   Thumb Code    18  clk.o(.text)
    CLK_EnablePLL                            0x000027cb   Thumb Code   344  clk.o(.text)
    CLK_SetCoreClock                         0x00002923   Thumb Code   136  clk.o(.text)
    CLK_SetSysTickClockSrc                   0x000029ab   Thumb Code    20  clk.o(.text)
    CLK_EnableXtalRC                         0x000029bf   Thumb Code    16  clk.o(.text)
    CLK_DisableXtalRC                        0x000029cf   Thumb Code   106  clk.o(.text)
    CLK_EnableSysTick                        0x00002a39   Thumb Code    56  clk.o(.text)
    CLK_DisableSysTick                       0x00002a71   Thumb Code    10  clk.o(.text)
    GPIO_SetMode                             0x00002a7b   Thumb Code    44  gpio.o(.text)
    GPIO_EnableInt                           0x00002aa7   Thumb Code    26  gpio.o(.text)
    GPIO_DisableInt                          0x00002ac1   Thumb Code    24  gpio.o(.text)
    rand                                     0x00002ad9   Thumb Code    20  rand.o(.text)
    srand                                    0x00002aed   Thumb Code     6  rand.o(.text)
    __aeabi_memcpy                           0x00002afd   Thumb Code    36  memcpya.o(.text)
    __aeabi_memcpy4                          0x00002afd   Thumb Code     0  memcpya.o(.text)
    __aeabi_memcpy8                          0x00002afd   Thumb Code     0  memcpya.o(.text)
    __aeabi_memset                           0x00002b21   Thumb Code    14  memseta.o(.text)
    __aeabi_memset4                          0x00002b21   Thumb Code     0  memseta.o(.text)
    __aeabi_memset8                          0x00002b21   Thumb Code     0  memseta.o(.text)
    __aeabi_memclr                           0x00002b2f   Thumb Code     4  memseta.o(.text)
    __aeabi_memclr4                          0x00002b2f   Thumb Code     0  memseta.o(.text)
    __aeabi_memclr8                          0x00002b2f   Thumb Code     0  memseta.o(.text)
    _memset$wrapper                          0x00002b33   Thumb Code    18  memseta.o(.text)
    strcat                                   0x00002b45   Thumb Code    24  strcat.o(.text)
    strncpy                                  0x00002b5d   Thumb Code    24  strncpy.o(.text)
    __aeabi_uldivmod                         0x00002b75   Thumb Code    98  uldiv.o(.text)
    __scatterload                            0x00002bd9   Thumb Code    28  init.o(.text)
    __scatterload_rt2                        0x00002bd9   Thumb Code     0  init.o(.text)
    __aeabi_llsl                             0x00002bfd   Thumb Code    30  llshl.o(.text)
    _ll_shift_l                              0x00002bfd   Thumb Code     0  llshl.o(.text)
    __aeabi_llsr                             0x00002c1b   Thumb Code    32  llushr.o(.text)
    _ll_ushift_r                             0x00002c1b   Thumb Code     0  llushr.o(.text)
    __0printf$5                              0x00002c3d   Thumb Code    22  printf5.o(i.__0printf$5)
    __1printf$5                              0x00002c3d   Thumb Code     0  printf5.o(i.__0printf$5)
    __2printf                                0x00002c3d   Thumb Code     0  printf5.o(i.__0printf$5)
    __0sprintf$5                             0x00002c5d   Thumb Code    34  printf5.o(i.__0sprintf$5)
    __1sprintf$5                             0x00002c5d   Thumb Code     0  printf5.o(i.__0sprintf$5)
    __2sprintf                               0x00002c5d   Thumb Code     0  printf5.o(i.__0sprintf$5)
    __scatterload_copy                       0x00002c85   Thumb Code    14  handlers.o(i.__scatterload_copy)
    __scatterload_null                       0x00002c93   Thumb Code     2  handlers.o(i.__scatterload_null)
    __scatterload_zeroinit                   0x00002c95   Thumb Code    14  handlers.o(i.__scatterload_zeroinit)
    Region$$Table$$Base                      0x00002fa0   Number         0  anon$$obj.o(Region$$Table)
    Region$$Table$$Limit                     0x00002fc0   Number         0  anon$$obj.o(Region$$Table)
    SystemCoreClock                          0x20000000   Data           4  system_m451series.o(.data)
    CyclesPerUs                              0x20000004   Data           4  system_m451series.o(.data)
    PllClock                                 0x20000008   Data           4  system_m451series.o(.data)
    gau32ClkSrcTbl                           0x2000000c   Data          32  system_m451series.o(.data)
    pxCurrentTCB                             0x2000006c   Data           4  tasks.o(.data)
    __stdout                                 0x200000d4   Data           4  retarget.o(.data)
    xQueueRegistry                           0x20000218   Data          64  queue.o(.bss)
    __initial_sp                             0x20002658   Data           0  startup_m451series.o(STACK)



==============================================================================

Memory Map of the image

  Image Entry point : 0x00000141

  Load Region LR_IROM1 (Base: 0x00000000, Size: 0x0000309c, Max: 0x00040000, ABSOLUTE)

    Execution Region ER_IROM1 (Exec base: 0x00000000, Load base: 0x00000000, Size: 0x00002fc0, Max: 0x00040000, ABSOLUTE)

    Exec Addr    Load Addr    Size         Type   Attr      Idx    E Section Name        Object

    0x00000000   0x00000000   0x00000140   Data   RO          124    RESET               startup_m451series.o
    0x00000140   0x00000140   0x00000000   Code   RO          642  * .ARM.Collect$$$$00000000  mc_w.l(entry.o)
    0x00000140   0x00000140   0x00000004   Code   RO          919    .ARM.Collect$$$$00000001  mc_w.l(entry2.o)
    0x00000144   0x00000144   0x00000004   Code   RO          922    .ARM.Collect$$$$00000004  mc_w.l(entry5.o)
    0x00000148   0x00000148   0x00000000   Code   RO          924    .ARM.Collect$$$$00000008  mc_w.l(entry7b.o)
    0x00000148   0x00000148   0x00000000   Code   RO          926    .ARM.Collect$$$$0000000A  mc_w.l(entry8b.o)
    0x00000148   0x00000148   0x00000008   Code   RO          927    .ARM.Collect$$$$0000000B  mc_w.l(entry9a.o)
    0x00000150   0x00000150   0x00000004   Code   RO          934    .ARM.Collect$$$$0000000E  mc_w.l(entry12b.o)
    0x00000154   0x00000154   0x00000000   Code   RO          929    .ARM.Collect$$$$0000000F  mc_w.l(entry10a.o)
    0x00000154   0x00000154   0x00000000   Code   RO          931    .ARM.Collect$$$$00000011  mc_w.l(entry11a.o)
    0x00000154   0x00000154   0x00000004   Code   RO          920    .ARM.Collect$$$$00002712  mc_w.l(entry2.o)
    0x00000158   0x00000158   0x000000a8   Code   RO          472    .emb_text           port.o
    0x00000200   0x00000200   0x0000001c   Code   RO          522    .emb_text           retarget.o
    0x0000021c   0x0000021c   0x000000e8   Code   RO            3    .text               system_m451series.o
    0x00000304   0x00000304   0x0000005c   Code   RO          125    .text               startup_m451series.o
    0x00000360   0x00000360   0x00000198   Code   RO          131    .text               main.o
    0x000004f8   0x000004f8   0x00000068   Code   RO          262    .text               partest.o
    0x00000560   0x00000560   0x0000030c   Code   RO          287    .text               queueset.o
    0x0000086c   0x0000086c   0x00000084   Code   RO          319    .text               flash.o
    0x000008f0   0x000008f0   0x00000128   Code   RO          341    .text               pollq.o
    0x00000a18   0x00000a18   0x00000a6c   Code   RO          363    .text               tasks.o
    0x00001484   0x00001484   0x00000314   Code   RO          400    .text               timers.o
    0x00001798   0x00001798   0x0000008e   Code   RO          426    .text               list.o
    0x00001826   0x00001826   0x00000002   PAD
    0x00001828   0x00001828   0x00000744   Code   RO          446    .text               queue.o
    0x00001f6c   0x00001f6c   0x000000c8   Code   RO          473    .text               port.o
    0x00002034   0x00002034   0x000000fc   Code   RO          499    .text               heap_2.o
    0x00002130   0x00002130   0x00000128   Code   RO          523    .text               retarget.o
    0x00002258   0x00002258   0x00000380   Code   RO          575    .text               uart.o
    0x000025d8   0x000025d8   0x000004a2   Code   RO          603    .text               clk.o
    0x00002a7a   0x00002a7a   0x0000005e   Code   RO          624    .text               gpio.o
    0x00002ad8   0x00002ad8   0x00000024   Code   RO          645    .text               mc_w.l(rand.o)
    0x00002afc   0x00002afc   0x00000024   Code   RO          648    .text               mc_w.l(memcpya.o)
    0x00002b20   0x00002b20   0x00000024   Code   RO          650    .text               mc_w.l(memseta.o)
    0x00002b44   0x00002b44   0x00000018   Code   RO          652    .text               mc_w.l(strcat.o)
    0x00002b5c   0x00002b5c   0x00000018   Code   RO          654    .text               mc_w.l(strncpy.o)
    0x00002b74   0x00002b74   0x00000062   Code   RO          937    .text               mc_w.l(uldiv.o)
    0x00002bd6   0x00002bd6   0x00000002   PAD
    0x00002bd8   0x00002bd8   0x00000024   Code   RO          950    .text               mc_w.l(init.o)
    0x00002bfc   0x00002bfc   0x0000001e   Code   RO          952    .text               mc_w.l(llshl.o)
    0x00002c1a   0x00002c1a   0x00000020   Code   RO          954    .text               mc_w.l(llushr.o)
    0x00002c3a   0x00002c3a   0x00000002   PAD
    0x00002c3c   0x00002c3c   0x00000020   Code   RO          791    i.__0printf$5       mc_w.l(printf5.o)
    0x00002c5c   0x00002c5c   0x00000028   Code   RO          793    i.__0sprintf$5      mc_w.l(printf5.o)
    0x00002c84   0x00002c84   0x0000000e   Code   RO          962    i.__scatterload_copy  mc_w.l(handlers.o)
    0x00002c92   0x00002c92   0x00000002   Code   RO          963    i.__scatterload_null  mc_w.l(handlers.o)
    0x00002c94   0x00002c94   0x0000000e   Code   RO          964    i.__scatterload_zeroinit  mc_w.l(handlers.o)
    0x00002ca2   0x00002ca2   0x00000002   PAD
    0x00002ca4   0x00002ca4   0x000002c0   Code   RO          798    i._printf_core      mc_w.l(printf5.o)
    0x00002f64   0x00002f64   0x0000000a   Code   RO          800    i._sputc            mc_w.l(printf5.o)
    0x00002f6e   0x00002f6e   0x00000002   PAD
    0x00002f70   0x00002f70   0x00000030   Data   RO          576    .constdata          uart.o
    0x00002fa0   0x00002fa0   0x00000020   Data   RO          960    Region$$Table       anon$$obj.o


    Execution Region RW_IRAM1 (Exec base: 0x20000000, Load base: 0x00002fc0, Size: 0x00002658, Max: 0x00008000, ABSOLUTE)

    Exec Addr    Load Addr    Size         Type   Attr      Idx    E Section Name        Object

    0x20000000   0x00002fc0   0x0000002c   Data   RW            4    .data               system_m451series.o
    0x2000002c   0x00002fec   0x00000002   Data   RW          263    .data               partest.o
    0x2000002e   0x00002fee   0x00000002   PAD
    0x20000030   0x00002ff0   0x0000002c   Data   RW          289    .data               queueset.o
    0x2000005c   0x0000301c   0x00000004   Data   RW          320    .data               flash.o
    0x20000060   0x00003020   0x0000000c   Data   RW          342    .data               pollq.o
    0x2000006c   0x0000302c   0x0000003c   Data   RW          365    .data               tasks.o
    0x200000a8   0x00003068   0x00000010   Data   RW          402    .data               timers.o
    0x200000b8   0x00003078   0x00000004   Data   RW          474    .data               port.o
    0x200000bc   0x0000307c   0x00000018   Data   RW          501    .data               heap_2.o
    0x200000d4   0x00003094   0x00000004   Data   RW          524    .data               retarget.o
    0x200000d8   0x00003098   0x00000004   Data   RW          646    .data               mc_w.l(rand.o)
    0x200000dc        -       0x00000024   Zero   RW          288    .bss                queueset.o
    0x20000100        -       0x000000f0   Zero   RW          364    .bss                tasks.o
    0x200001f0        -       0x00000028   Zero   RW          401    .bss                timers.o
    0x20000218        -       0x00000040   Zero   RW          447    .bss                queue.o
    0x20000258        -       0x00002000   Zero   RW          500    .bss                heap_2.o
    0x20002258        -       0x00000400   Zero   RW          122    STACK               startup_m451series.o


==============================================================================

Image component sizes


      Code (inc. data)   RO Data    RW Data    ZI Data      Debug   Object Name

      1186         90          0          0          0       6727   clk.o
       132         18          0          4          0       1202   flash.o
        94          0          0          0          0       1550   gpio.o
       252         10          0         24       8192       3512   heap_2.o
       142          0          0          0          0       2102   list.o
       408        136          0          0          0     221832   main.o
       104         44          0          2          0        832   partest.o
       296         44          0         12          0       1959   pollq.o
       368         34          0          4          0       4732   port.o
      1860          6          0          0         64      13502   queue.o
       780         32          0         44         36       6611   queueset.o
       324        128          0          4          0       4881   retarget.o
        92         22        320          0       1024        932   startup_m451series.o
       232         24          0         44          0     259865   system_m451series.o
      2668         64          0         60        240      16983   tasks.o
       788         20          0         16         40       6240   timers.o
       896         42         48          0          0      32696   uart.o

    ----------------------------------------------------------------------
     10624        714        400        216       9596     586158   Object Totals
         0          0         32          0          0          0   (incl. Generated)
         2          0          0          2          0          0   (incl. Padding)

    ----------------------------------------------------------------------

      Code (inc. data)   RO Data    RW Data    ZI Data      Debug   Library Member Name

         0          0          0          0          0          0   entry.o
         0          0          0          0          0          0   entry10a.o
         0          0          0          0          0          0   entry11a.o
         4          0          0          0          0          0   entry12b.o
         8          4          0          0          0          0   entry2.o
         4          0          0          0          0          0   entry5.o
         0          0          0          0          0          0   entry7b.o
         0          0          0          0          0          0   entry8b.o
         8          4          0          0          0          0   entry9a.o
        30          0          0          0          0          0   handlers.o
        36          8          0          0          0         68   init.o
        30          0          0          0          0         68   llshl.o
        32          0          0          0          0         68   llushr.o
        36          0          0          0          0         68   memcpya.o
        36          0          0          0          0        108   memseta.o
       786         60          0          0          0        336   printf5.o
        36         10          0          4          0        136   rand.o
        24          0          0          0          0         68   strcat.o
        24          0          0          0          0         76   strncpy.o
        98          0          0          0          0         92   uldiv.o

    ----------------------------------------------------------------------
      1200         86          0          4          0       1088   Library Totals
         8          0          0          0          0          0   (incl. Padding)

    ----------------------------------------------------------------------

      Code (inc. data)   RO Data    RW Data    ZI Data      Debug   Library Name

      1192         86          0          4          0       1088   mc_w.l

    ----------------------------------------------------------------------
      1200         86          0          4          0       1088   Library Totals

    ----------------------------------------------------------------------

==============================================================================


      Code (inc. data)   RO Data    RW Data    ZI Data      Debug   

     11824        800        400        220       9596     582982   Grand Totals
     11824        800        400        220       9596     582982   ELF Image Totals
     11824        800        400        220          0          0   ROM Totals

==============================================================================

    Total RO  Size (Code + RO Data)                12224 (  11.94kB)
    Total RW  Size (RW Data + ZI Data)              9816 (   9.59kB)
    Total ROM Size (Code + RO Data + RW Data)      12444 (  12.15kB)

==============================================================================

